2026-09-25 20:32:11,736 - ERROR - Fila inválida: <built-in method errors of pydantic_core._pydantic_core.ValidationError object at 0x0000026AFDFA4640>
2026-09-25 20:32:55,711 - ERROR - Fila inválida: <built-in method errors of pydantic_core._pydantic_core.ValidationError object at 0x000001C975AB4640>
2026-09-25 20:33:56,046 - ERROR - Fila inválida: [{'type': 'extra_forbidden', 'loc': ('sample_id',), 'msg': 'Extra inputs are not permitted', 'input': 'red-001', 'url': 'https://errors.pydantic.dev/2.13/v/extra_forbidden'}]
2026-09-25 20:33:56,047 - ERROR - Fila inválida: [{'type': 'extra_forbidden', 'loc': ('sample_id',), 'msg': 'Extra inputs are not permitted', 'input': 'red-002', 'url': 'https://errors.pydantic.dev/2.13/v/extra_forbidden'}]
2026-09-25 20:33:56,049 - ERROR - Fila inválida: [{'type': 'extra_forbidden', 'loc': ('sample_id',), 'msg': 'Extra inputs are not permitted', 'input': 'red-003', 'url': 'https://errors.pydantic.dev/2.13/v/extra_forbidden'}]
2026-09-25 20:33:56,049 - ERROR - Fila inválida: [{'type': 'extra_forbidden', 'loc': ('sample_id',), 'msg': 'Extra inputs are not permitted', 'input': 'red-004', 'url': 'https://errors.pydantic.dev/2.13/v/extra_forbidden'}]
2026-09-25 20:33:56,049 - ERROR - Fila inválida: [{'type': 'extra_forbidden', 'loc': ('sample_id',), 'msg': 'Extra inputs are not permitted', 'input': 'red-005', 'url': 'https://errors.pydantic.dev/2.13/v/extra_forbidden'}]
2026-09-25 20:34:17,692 - ERROR - Fila inválida: [{'type': 'extra_forbidden', 'loc': ('sample_id',), 'msg': 'Extra inputs are not permitted', 'input': 'red-001', 'url': 'https://errors.pydantic.dev/2.13/v/extra_forbidden'}]
2026-09-25 20:34:17,692 - ERROR - Fila inválida: [{'type': 'extra_forbidden', 'loc': ('sample_id',), 'msg': 'Extra inputs are not permitted', 'input': 'red-002', 'url': 'https://errors.pydantic.dev/2.13/v/extra_forbidden'}]
2026-09-25 20:34:17,692 - ERROR - Fila inválida: [{'type': 'extra_forbidden', 'loc': ('sample_id',), 'msg': 'Extra inputs are not permitted', 'input': 'red-003', 'url': 'https://errors.pydantic.dev/2.13/v/extra_forbidden'}]
2026-09-25 20:34:17,692 - ERROR - Fila inválida: [{'type': 'extra_forbidden', 'loc': ('sample_id',), 'msg': 'Extra inputs are not permitted', 'input': 'red-004', 'url': 'https://errors.pydantic.dev/2.13/v/extra_forbidden'}]
2026-09-25 20:34:17,692 - ERROR - Fila inválida: [{'type': 'extra_forbidden', 'loc': ('sample_id',), 'msg': 'Extra inputs are not permitted', 'input': 'red-005', 'url': 'https://errors.pydantic.dev/2.13/v/extra_forbidden'}]
2026-09-25 20:41:27,382 - ERROR - Fila inválida: [{'type': 'extra_forbidden', 'loc': ('sample_id',), 'msg': 'Extra inputs are not permitted', 'input': 'red-001', 'url': 'https://errors.pydantic.dev/2.13/v/extra_forbidden'}]
2026-09-25 20:41:27,383 - ERROR - Fila inválida: [{'type': 'extra_forbidden', 'loc': ('sample_id',), 'msg': 'Extra inputs are not permitted', 'input': 'red-002', 'url': 'https://errors.pydantic.dev/2.13/v/extra_forbidden'}]
2026-09-25 20:41:27,383 - ERROR - Fila inválida: [{'type': 'extra_forbidden', 'loc': ('sample_id',), 'msg': 'Extra inputs are not permitted', 'input': 'red-003', 'url': 'https://errors.pydantic.dev/2.13/v/extra_forbidden'}]
2026-09-25 20:41:27,383 - ERROR - Fila inválida: [{'type': 'extra_forbidden', 'loc': ('sample_id',), 'msg': 'Extra inputs are not permitted', 'input': 'red-004', 'url': 'https://errors.pydantic.dev/2.13/v/extra_forbidden'}]
2026-09-25 20:41:27,384 - ERROR - Fila inválida: [{'type': 'extra_forbidden', 'loc': ('sample_id',), 'msg': 'Extra inputs are not permitted', 'input': 'red-005', 'url': 'https://errors.pydantic.dev/2.13/v/extra_forbidden'}]
2026-09-25 20:42:05,507 - ERROR - Fila inválida: [{'type': 'extra_forbidden', 'loc': ('sample_id',), 'msg': 'Extra inputs are not permitted', 'input': 'red-001', 'url': 'https://errors.pydantic.dev/2.13/v/extra_forbidden'}]
2026-09-25 20:42:05,507 - ERROR - Fila inválida: [{'type': 'extra_forbidden', 'loc': ('sample_id',), 'msg': 'Extra inputs are not permitted', 'input': 'red-002', 'url': 'https://errors.pydantic.dev/2.13/v/extra_forbidden'}]
2026-09-25 20:42:05,508 - ERROR - Fila inválida: [{'type': 'extra_forbidden', 'loc': ('sample_id',), 'msg': 'Extra inputs are not permitted', 'input': 'red-003', 'url': 'https://errors.pydantic.dev/2.13/v/extra_forbidden'}]
2026-09-25 20:42:05,508 - ERROR - Fila inválida: [{'type': 'extra_forbidden', 'loc': ('sample_id',), 'msg': 'Extra inputs are not permitted', 'input': 'red-004', 'url': 'https://errors.pydantic.dev/2.13/v/extra_forbidden'}]
2026-09-25 20:42:05,508 - ERROR - Fila inválida: [{'type': 'extra_forbidden', 'loc': ('sample_id',), 'msg': 'Extra inputs are not permitted', 'input': 'red-005', 'url': 'https://errors.pydantic.dev/2.13/v/extra_forbidden'}]
2026-09-25 20:42:51,813 - ERROR - Fila inválida: [{'type': 'extra_forbidden', 'loc': ('sample_id',), 'msg': 'Extra inputs are not permitted', 'input': 'red-001', 'url': 'https://errors.pydantic.dev/2.13/v/extra_forbidden'}]
2026-09-25 20:42:51,813 - ERROR - Fila inválida: [{'type': 'extra_forbidden', 'loc': ('sample_id',), 'msg': 'Extra inputs are not permitted', 'input': 'red-002', 'url': 'https://errors.pydantic.dev/2.13/v/extra_forbidden'}]
2026-09-25 20:42:51,814 - ERROR - Fila inválida: [{'type': 'extra_forbidden', 'loc': ('sample_id',), 'msg': 'Extra inputs are not permitted', 'input': 'red-003', 'url': 'https://errors.pydantic.dev/2.13/v/extra_forbidden'}]
2026-09-25 20:42:51,814 - ERROR - Fila inválida: [{'type': 'extra_forbidden', 'loc': ('sample_id',), 'msg': 'Extra inputs are not permitted', 'input': 'red-004', 'url': 'https://errors.pydantic.dev/2.13/v/extra_forbidden'}]
2026-09-25 20:42:51,814 - ERROR - Fila inválida: [{'type': 'extra_forbidden', 'loc': ('sample_id',), 'msg': 'Extra inputs are not permitted', 'input': 'red-005', 'url': 'https://errors.pydantic.dev/2.13/v/extra_forbidden'}]
2026-09-25 20:43:50,299 - ERROR - Fila inválida: [{'type': 'extra_forbidden', 'loc': ('sample_id',), 'msg': 'Extra inputs are not permitted', 'input': 'red-001', 'url': 'https://errors.pydantic.dev/2.13/v/extra_forbidden'}]
2026-09-25 20:43:50,299 - ERROR - Fila inválida: [{'type': 'extra_forbidden', 'loc': ('sample_id',), 'msg': 'Extra inputs are not permitted', 'input': 'red-002', 'url': 'https://errors.pydantic.dev/2.13/v/extra_forbidden'}]
2026-09-25 20:43:50,300 - ERROR - Fila inválida: [{'type': 'extra_forbidden', 'loc': ('sample_id',), 'msg': 'Extra inputs are not permitted', 'input': 'red-003', 'url': 'https://errors.pydantic.dev/2.13/v/extra_forbidden'}]
2026-09-25 20:43:50,300 - ERROR - Fila inválida: [{'type': 'extra_forbidden', 'loc': ('sample_id',), 'msg': 'Extra inputs are not permitted', 'input': 'red-004', 'url': 'https://errors.pydantic.dev/2.13/v/extra_forbidden'}]
2026-09-25 20:43:50,300 - ERROR - Fila inválida: [{'type': 'extra_forbidden', 'loc': ('sample_id',), 'msg': 'Extra inputs are not permitted', 'input': 'red-005', 'url': 'https://errors.pydantic.dev/2.13/v/extra_forbidden'}]
2026-09-28 13:12:53,752 - ERROR - Predicción inválida: [{'type': 'model_type', 'loc': (), 'msg': 'Input should be a valid dictionary or instance of WineQualityPredictionOutputSchema', 'input': array(['needs_review'], dtype='<U12'), 'ctx': {'class_name': 'WineQualityPredictionOutputSchema'}, 'url': 'https://errors.pydantic.dev/2.13/v/model_type'}]
2026-09-28 13:14:41,878 - ERROR - Predicción inválida: [{'type': 'model_type', 'loc': (), 'msg': 'Input should be a valid dictionary or instance of WineQualityPredictionOutputSchema', 'input': array(['needs_review'], dtype='<U12'), 'ctx': {'class_name': 'WineQualityPredictionOutputSchema'}, 'url': 'https://errors.pydantic.dev/2.13/v/model_type'}]
2026-09-28 13:15:08,590 - ERROR - Predicción inválida: [{'type': 'model_type', 'loc': (), 'msg': 'Input should be a valid dictionary or instance of WineQualityPredictionOutputSchema', 'input': array(['needs_review'], dtype='<U12'), 'ctx': {'class_name': 'WineQualityPredictionOutputSchema'}, 'url': 'https://errors.pydantic.dev/2.13/v/model_type'}]
2026-09-28 13:17:12,779 - ERROR - Predicción inválida: [{'type': 'model_type', 'loc': (), 'msg': 'Input should be a valid dictionary or instance of WineQualityPredictionOutputSchema', 'input': array(['needs_review'], dtype='<U12'), 'ctx': {'class_name': 'WineQualityPredictionOutputSchema'}, 'url': 'https://errors.pydantic.dev/2.13/v/model_type'}]
2026-09-28 13:17:31,402 - ERROR - Predicción inválida: [{'type': 'model_type', 'loc': (), 'msg': 'Input should be a valid dictionary or instance of WineQualityPredictionOutputSchema', 'input': array(['needs_review'], dtype='<U12'), 'ctx': {'class_name': 'WineQualityPredictionOutputSchema'}, 'url': 'https://errors.pydantic.dev/2.13/v/model_type'}]
2026-09-28 13:26:22,213 - ERROR - Predicción inválida: [{'type': 'model_type', 'loc': (), 'msg': 'Input should be a valid dictionary or instance of WineQualityPredictionOutputSchema', 'input': array(['needs_review'], dtype='<U12'), 'ctx': {'class_name': 'WineQualityPredictionOutputSchema'}, 'url': 'https://errors.pydantic.dev/2.13/v/model_type'}]
2026-09-28 13:27:14,168 - ERROR - Predicción inválida: [{'type': 'model_type', 'loc': (), 'msg': 'Input should be a valid dictionary or instance of WineQualityPredictionOutputSchema', 'input': np.str_('needs_review'), 'ctx': {'class_name': 'WineQualityPredictionOutputSchema'}, 'url': 'https://errors.pydantic.dev/2.13/v/model_type'}]
2026-09-28 13:28:15,932 - ERROR - Predicción inválida: [{'type': 'model_type', 'loc': (), 'msg': 'Input should be a valid dictionary or instance of WineQualityPredictionOutputSchema', 'input': np.str_('needs_review'), 'ctx': {'class_name': 'WineQualityPredictionOutputSchema'}, 'url': 'https://errors.pydantic.dev/2.13/v/model_type'}]
2026-09-28 13:29:35,813 - ERROR - Predicción inválida: [{'type': 'model_type', 'loc': (), 'msg': 'Input should be a valid dictionary or instance of WineQualityPredictionOutputSchema', 'input': np.str_('needs_review'), 'ctx': {'class_name': 'WineQualityPredictionOutputSchema'}, 'url': 'https://errors.pydantic.dev/2.13/v/model_type'}]
